I'm sorry, but errors were detected in your script. Please correct the
errors listed below, and try again.


File "game/script.rpy", line 1110: end of line expected.
    jump bbbs2a:
               ^

Ren'Py Version: Ren'Py 8.4.1.25072401
Sat Feb 14 03:57:17 2026
